// Jest Snapshot v1, https://goo.gl/fbAQLP

exports[`<Button /> Snapshots tests should render successfully and match snapshot 1`] = `
<div>
  <button
    class="sc-eDvSVe phOoF"
  >
    Зарегистрироваться
  </button>
</div>
`;


